canceled
canceled
canceled
canceled
canceled
canceled
canceled
berkeleyberkeleyberkeleyberkeley
berkeleyberkeleyberkeleyberkeleyberkeleyberkeley
canceled
berkeleyberkeleyberkeleyberkeleyberkeley
canceled
canceled
canceled
canceled
berkeleyberkeleyberkeleyberkeleyberkeleyberkeleyberkeleyberkeleyberkeleyberkeleyberkeleyberkeleyberkeleyberkeleyberkeleyberkeleyberkeley
canceled
canceled
berkeleyberkeleyberkeleyberkeleyberkeleyberkeleyberkeleyberkeley
canceled
canceled
berkeleyberkeleyberkeleyberkeleyberkeleyberkeleyberkeleyberkeleyberkeleyberkeleyberkeley
canceled
canceled
canceled
canceled
berkeleyberkeleyberkeleyberkeleyberkeleyberkeleyberkeleyberkeleyberkeleyberkeley
canceled
haha good one
berkeley
canceled
canceled
canceled
canceled
berkeleyberkeleyberkeleyberkeleyberkeleyberkeleyberkeleyberkeleyberkeleyberkeleyberkeleyberkeleyberkeleyberkeleyberkeleyberkeley
canceled
canceled
berkeleyberkeleyberkeleyberkeleyberkeleyberkeleyberkeleyberkeleyberkeleyberkeleyberkeleyberkeleyberkeleyberkeley
canceled
canceled
berkeleyberkeleyberkeleyberkeleyberkeleyberkeleyberkeley
berkeleyberkeleyberkeleyberkeleyberkeleyberkeleyberkeleyberkeleyberkeleyberkeleyberkeleyberkeleyberkeley
berkeleyberkeley
berkeleyberkeleyberkeleyberkeleyberkeleyberkeleyberkeleyberkeleyberkeleyberkeleyberkeleyberkeleyberkeleyberkeleyberkeley
canceled
berkeleyberkeleyberkeley
berkeleyberkeleyberkeleyberkeleyberkeleyberkeleyberkeleyberkeleyberkeleyberkeleyberkeleyberkeley
berkeleyberkeleyberkeleyberkeleyberkeleyberkeleyberkeleyberkeleyberkeley
canceled
canceled
canceled
